2026-05-04 20:27:56 | INFO | XP_AWARD | User[1:test@learn8.ai] gained 28 XP for 'arena_match' | XP: 28 | Level: 1
2026-05-04 20:27:56 | INFO | CREDITS_TOP_UP | User[1:test@learn8.ai] topped up 5 credits | New balance: 105
2026-05-04 20:27:56 | INFO | XP_AWARD | User[2:player2@learn8.ai] gained 20 XP for 'arena_match' | XP: 20 | Level: 1
2026-05-04 20:27:56 | INFO | CREDITS_TOP_UP | User[2:player2@learn8.ai] topped up 2 credits | New balance: 102
2026-05-04 20:27:56 | INFO | XP_AWARD | User[1:test@learn8.ai] gained 28 XP for 'arena_match' | XP: 28 | Level: 1
2026-05-04 20:27:56 | INFO | CREDITS_TOP_UP | User[1:test@learn8.ai] topped up 5 credits | New balance: 105
2026-05-04 20:27:56 | INFO | XP_AWARD | User[2:player2@learn8.ai] gained 20 XP for 'arena_match' | XP: 20 | Level: 1
2026-05-04 20:27:56 | INFO | CREDITS_TOP_UP | User[2:player2@learn8.ai] topped up 2 credits | New balance: 102
2026-05-04 20:27:57 | INFO | XP_AWARD | User[1:test@learn8.ai] gained 20 XP for 'arena_match' | XP: 20 | Level: 1
2026-05-04 20:27:57 | INFO | CREDITS_TOP_UP | User[1:test@learn8.ai] topped up 2 credits | New balance: 102
2026-05-04 20:27:57 | INFO | XP_AWARD | User[2:recover@learn8.ai] gained 28 XP for 'arena_match' | XP: 28 | Level: 1
2026-05-04 20:27:57 | INFO | CREDITS_TOP_UP | User[2:recover@learn8.ai] topped up 5 credits | New balance: 105
2026-05-04 20:27:57 | INFO | XP_AWARD | User[1:test@learn8.ai] gained 28 XP for 'arena_match' | XP: 28 | Level: 1
2026-05-04 20:27:57 | INFO | CREDITS_TOP_UP | User[1:test@learn8.ai] topped up 5 credits | New balance: 105
2026-05-04 20:27:57 | INFO | XP_AWARD | User[2:player2@learn8.ai] gained 20 XP for 'arena_match' | XP: 20 | Level: 1
2026-05-04 20:27:57 | INFO | CREDITS_TOP_UP | User[2:player2@learn8.ai] topped up 2 credits | New balance: 102
2026-05-04 20:31:01 | INFO | XP_AWARD | User[1:test@learn8.ai] gained 28 XP for 'arena_match' | XP: 28 | Level: 1
2026-05-04 20:31:01 | INFO | CREDITS_TOP_UP | User[1:test@learn8.ai] topped up 5 credits | New balance: 105
2026-05-04 20:31:01 | INFO | XP_AWARD | User[2:player2@learn8.ai] gained 20 XP for 'arena_match' | XP: 20 | Level: 1
2026-05-04 20:31:01 | INFO | CREDITS_TOP_UP | User[2:player2@learn8.ai] topped up 2 credits | New balance: 102
2026-05-04 20:31:02 | INFO | XP_AWARD | User[1:test@learn8.ai] gained 28 XP for 'arena_match' | XP: 28 | Level: 1
2026-05-04 20:31:02 | INFO | CREDITS_TOP_UP | User[1:test@learn8.ai] topped up 5 credits | New balance: 105
2026-05-04 20:31:02 | INFO | XP_AWARD | User[2:player2@learn8.ai] gained 20 XP for 'arena_match' | XP: 20 | Level: 1
2026-05-04 20:31:02 | INFO | CREDITS_TOP_UP | User[2:player2@learn8.ai] topped up 2 credits | New balance: 102
2026-05-04 20:31:02 | INFO | XP_AWARD | User[1:test@learn8.ai] gained 20 XP for 'arena_match' | XP: 20 | Level: 1
2026-05-04 20:31:02 | INFO | CREDITS_TOP_UP | User[1:test@learn8.ai] topped up 2 credits | New balance: 102
2026-05-04 20:31:02 | INFO | XP_AWARD | User[2:recover@learn8.ai] gained 28 XP for 'arena_match' | XP: 28 | Level: 1
2026-05-04 20:31:02 | INFO | CREDITS_TOP_UP | User[2:recover@learn8.ai] topped up 5 credits | New balance: 105
2026-05-04 20:31:02 | INFO | XP_AWARD | User[1:test@learn8.ai] gained 28 XP for 'arena_match' | XP: 28 | Level: 1
2026-05-04 20:31:02 | INFO | CREDITS_TOP_UP | User[1:test@learn8.ai] topped up 5 credits | New balance: 105
2026-05-04 20:31:02 | INFO | XP_AWARD | User[2:player2@learn8.ai] gained 20 XP for 'arena_match' | XP: 20 | Level: 1
2026-05-04 20:31:02 | INFO | CREDITS_TOP_UP | User[2:player2@learn8.ai] topped up 2 credits | New balance: 102
